MPLINK 5.08, LINKER
Linker Map File - Created Thu Sep 18 23:38:11 2025

                                 Section Info
                  Section       Type    Address   Location Size(Bytes)
                ---------  ---------  ---------  ---------  ---------
                   .org_0       code   0x000000    program   0x0000d8
    .config_300000_LAB1.O    romdata   0x300000    program   0x000001
    .config_300001_LAB1.O    romdata   0x300001    program   0x000001
    .config_300002_LAB1.O    romdata   0x300002    program   0x000001
    .config_300003_LAB1.O    romdata   0x300003    program   0x000001
    .config_300005_LAB1.O    romdata   0x300005    program   0x000001
    .config_300006_LAB1.O    romdata   0x300006    program   0x000001
    .config_300008_LAB1.O    romdata   0x300008    program   0x000001
    .config_300009_LAB1.O    romdata   0x300009    program   0x000001
    .config_30000A_LAB1.O    romdata   0x30000a    program   0x000001
    .config_30000B_LAB1.O    romdata   0x30000b    program   0x000001
    .config_30000C_LAB1.O    romdata   0x30000c    program   0x000001
    .config_30000D_LAB1.O    romdata   0x30000d    program   0x000001



                              Program Memory Usage 
                               Start         End      
                           ---------   ---------      
                            0x000000    0x0000d7      
                            0x300000    0x300003      
                            0x300005    0x300006      
                            0x300008    0x30000d      
            228 out of 33048 program addresses used, program memory utilization is 0%



                              Symbols - Sorted by Name
                     Name    Address   Location    Storage File                     
                ---------  ---------  ---------  --------- ---------                
                    START   0x000000    program     static C:\Users\sergi\OneDrive\Documents\Universidad\Micros\Homeworks\Lab1.X\Lab1.asm



                              Symbols - Sorted by Address
                     Name    Address   Location    Storage File                     
                ---------  ---------  ---------  --------- ---------                
                    START   0x000000    program     static C:\Users\sergi\OneDrive\Documents\Universidad\Micros\Homeworks\Lab1.X\Lab1.asm


